[www.otherside-wiki.xyz/otherdeed/plot/55324.html]
[backblue.gif]
[fade.gif]
[index.html]
[i.seadn.io/gcs/files/2accc75c09ab9d905690fa22fc66dbc7f7a6.png]
[i.seadn.io/gcs/files/2accc75c09ab9d905690fa22fc66dbc75b85.png]
[www.otherside-wiki.xyz/css/fontawesome/css/fontawesome.css]
[www.otherside-wiki.xyz/css/fontawesome/css/brands.css]
[www.otherside-wiki.xyz/css/fontawesome/css/solid.css]
[www.otherside-wiki.xyz/css/bootstrap.min69db.css]
[www.otherside-wiki.xyz/css/style7ff7.css]
[www.otherside-wiki.xyz/apple-touch-icon.png]
[www.otherside-wiki.xyz/favicon-32x32.png]
[www.otherside-wiki.xyz/favicon-16x16.png]
[www.otherside-wiki.xyz/images/logo-white.png]
[www.otherside-wiki.xyz/images/resources/spikeweed/tier1.png]
[www.otherside-wiki.xyz/images/resources/nether/tier3.png]
[www.otherside-wiki.xyz/js/cookieconsent.js]
[www.otherside-wiki.xyz/js/jquery-3.6.0.min.js]
[www.otherside-wiki.xyz/js/bootstrap.bundle.min.js]
[www.otherside-wiki.xyz/js/popper.min.js]
[www.otherside-wiki.xyz/otherdeed/plot/55324.html]
[www.otherside-wiki.xyz/css/fontawesome/css/fontawesome.css]
[www.otherside-wiki.xyz/css/fontawesome/css/brands.css]
[www.otherside-wiki.xyz/css/fontawesome/css/solid.css]
[www.otherside-wiki.xyz/css/bootstrap.min69db.css]
[www.otherside-wiki.xyz/css/style7ff7.css]
[www.otherside-wiki.xyz/js/custom28b4.js]
